Traceback (most recent call last):
  File "C:\Users\joshu\miniconda3\envs\dataviz2026\lib\site-packages\jupyter_cache\executors\utils.py", line 58, in single_nb_execution
    executenb(
  File "C:\Users\joshu\miniconda3\envs\dataviz2026\lib\site-packages\nbclient\client.py", line 1305, in execute
    return NotebookClient(nb=nb, resources=resources, km=km, **kwargs).execute()
  File "C:\Users\joshu\miniconda3\envs\dataviz2026\lib\site-packages\jupyter_core\utils\__init__.py", line 166, in wrapped
    return loop.run_until_complete(inner)
  File "C:\Users\joshu\miniconda3\envs\dataviz2026\lib\asyncio\base_events.py", line 647, in run_until_complete
    return future.result()
  File "C:\Users\joshu\miniconda3\envs\dataviz2026\lib\site-packages\nbclient\client.py", line 705, in async_execute
    await self.async_execute_cell(
  File "C:\Users\joshu\miniconda3\envs\dataviz2026\lib\site-packages\nbclient\client.py", line 1058, in async_execute_cell
    await self._check_raise_for_error(cell, cell_index, exec_reply)
  File "C:\Users\joshu\miniconda3\envs\dataviz2026\lib\site-packages\nbclient\client.py", line 914, in _check_raise_for_error
    raise CellExecutionError.from_cell_and_msg(cell, exec_reply_content)
nbclient.exceptions.CellExecutionError: An error occurred while executing the following cell:
------------------
def cramers_v(x, y):
    """Calcula el coeficiente V de Cramer entre dos variables categóricas."""
    confusion_matrix = pd.crosstab(x, y)
    chi2 = chi2_contingency(confusion_matrix)[0]
    n = confusion_matrix.sum().sum()
    phi2 = chi2 / n
    r, k = confusion_matrix.shape
    phi2corr = max(0, phi2 - ((k-1)*(r-1)) / (n-1))
    rcorr = r - ((r-1)**2) / (n-1)
    kcorr = k - ((k-1)**2) / (n-1)
    denominator = min((kcorr-1), (rcorr-1))
    return np.sqrt(phi2corr / denominator) if denominator > 0 else 0.0

cat_cols = [c for c in train_data.columns if c != 'Age_at_diagnosis']

cramer_results = []
for col in cat_cols:
    if col != 'Grade':
        contingency = pd.crosstab(train_data[col], train_data['Grade'])
        chi2, p_val, _, _ = chi2_contingency(contingency)
        v_val = cramers_v(train_data[col], train_data['Grade'])
        cramer_results.append({
            'Variable': col,
            'Chi2 Stat': round(chi2, 2),
            'p-value': p_val,
            'V de Cramer': round(v_val, 4)
        })

df_asociacion = pd.DataFrame(cramer_results).sort_values(by='V de Cramer', ascending=False)
print("ASOCIACIÓN CATEGÓRICA CON GRADE (CHI-CUADRADO Y V DE CRAMER)")
display(df_asociacion.style.hide(axis="index"))

pares_asociados = []
for i in range(len(cat_cols)):
    for j in range(i):
        v_val = cramer_matrix.iloc[i, j]
        var1, var2 = cat_cols[i], cat_cols[j]
        # Filtrar solo entre características independientes (excluyendo 'Grade')
        if var1 != 'Grade' and var2 != 'Grade' and v_val > 0.4:
            pares_asociados.append((var1, var2, round(v_val, 4)))

df_pares_asociados = pd.DataFrame(pares_asociados, columns=['Variable 1', 'Variable 2', 'V de Cramer (V)'])

print("PARES DE GENES CON ALTA ASOCIACIÓN MUTUA (V > 0.4)")
if df_pares_asociados.empty:
    print("No se detectaron pares de genes con alta redundancia mutua (V > 0.4).")
else:
    display(df_pares_asociados.style.hide(axis='index'))

------------------

----- stdout -----
ASOCIACIÓN CATEGÓRICA CON GRADE (CHI-CUADRADO Y V DE CRAMER)
------------------

[1;31m---------------------------------------------------------------------------[0m
[1;31mNameError[0m                                 Traceback (most recent call last)
Cell [1;32mIn[13], line 36[0m
[0;32m     34[0m [38;5;28;01mfor[39;00m i [38;5;129;01min[39;00m [38;5;28mrange[39m([38;5;28mlen[39m(cat_cols)):
[0;32m     35[0m     [38;5;28;01mfor[39;00m j [38;5;129;01min[39;00m [38;5;28mrange[39m(i):
[1;32m---> 36[0m         v_val [38;5;241m=[39m [43mcramer_matrix[49m[38;5;241m.[39miloc[i, j]
[0;32m     37[0m         var1, var2 [38;5;241m=[39m cat_cols[i], cat_cols[j]
[0;32m     38[0m         [38;5;66;03m# Filtrar solo entre características independientes (excluyendo 'Grade')[39;00m

[1;31mNameError[0m: name 'cramer_matrix' is not defined

